// Jest Snapshot v1, https://goo.gl/fbAQLP

exports[`DetoxPrimaryContext when initialized should reject further initializations 1`] = `
"Cannot initialize primary Detox context more than once.

HINT: If you are using Detox with Jest according to the latest guide, please report this issue on our GitHub tracker:
https://github.com/wix/Detox/issues"
`;

exports[`DetoxPrimaryContext when not initialized should throw on attempt to get a worker 1`] = `
"Detox worker instance has not been installed in this context (DetoxPrimaryContext).

HINT: If you are using Detox with Jest according to the latest guide, please report this issue on our GitHub tracker:
https://github.com/wix/Detox/issues
Otherwise, make sure you call detox.installWorker() beforehand."
`;
