// Jest Snapshot v1, https://jestjs.io/docs/snapshot-testing

exports[`helpers methodNameToSnakeCase should return the correct snake case method name 1`] = `"actionForScrollInDirectionAmountXOriginStartPercentageYOriginStartPercentage"`;
