// Jest Snapshot v1, https://jestjs.io/docs/snapshot-testing

exports[`composeRunnerConfig unhappy scenarios deprecated "testRunner" in local config 1`] = `
"testRunner should be an object, not a string

HINT: Check that in your Detox config.

{
  configurations: {
    default: {
      testRunner: 'nyc jest'
    }
  }
}"
`;

exports[`composeRunnerConfig unhappy scenarios non-string and non-object "testRunner" in global config 1`] = `
"testRunner should be an object, not a number

HINT: Check that in your Detox config.

{
  testRunner: 0,
  configurations: [Object]
}"
`;
